../CUnit/Sources/Framework/TestDB.c:831:12:CU_cmp_suites	0	static
../CUnit/Sources/Framework/TestDB.c:934:13:cleanup_test.part.0	8	static
../CUnit/Sources/Framework/TestDB.c:1094:11:CU_get_suite_by_index.part.0	8	static
../CUnit/Sources/Framework/TestDB.c:120:9:CU_registry_initialized	0	static
../CUnit/Sources/Framework/TestDB.c:137:18:CU_get_registry	0	static
../CUnit/Sources/Framework/TestDB.c:143:18:CU_set_registry	16	static
../CUnit/Sources/Framework/TestDB.c:167:11:CU_add_suite_with_setup_and_teardown	40	static
../CUnit/Sources/Framework/TestDB.c:209:11:CU_add_suite	16	static
../CUnit/Sources/Framework/TestDB.c:215:14:CU_set_suite_active	8	static
../CUnit/Sources/Framework/TestDB.c:231:14:CU_set_suite_name	16	static
../CUnit/Sources/Framework/TestDB.c:252:14:CU_set_suite_initfunc	8	static
../CUnit/Sources/Framework/TestDB.c:268:14:CU_set_suite_cleanupfunc	8	static
../CUnit/Sources/Framework/TestDB.c:284:11:CU_get_suite	16	static
../CUnit/Sources/Framework/TestDB.c:304:11:CU_get_suite_at_pos	8	static
../CUnit/Sources/Framework/TestDB.c:321:14:CU_get_suite_pos	8	static
../CUnit/Sources/Framework/TestDB.c:350:14:CU_get_suite_pos_by_name	16	static
../CUnit/Sources/Framework/TestDB.c:379:10:CU_add_test	32	static
../CUnit/Sources/Framework/TestDB.c:619:14:CU_register_nsuites.constprop	32	static
../CUnit/Sources/Framework/TestDB.c:417:14:CU_set_test_active	8	static
../CUnit/Sources/Framework/TestDB.c:433:14:CU_set_test_name	16	static
../CUnit/Sources/Framework/TestDB.c:454:14:CU_set_test_func	8	static
../CUnit/Sources/Framework/TestDB.c:470:10:CU_get_test	16	static
../CUnit/Sources/Framework/TestDB.c:493:10:CU_get_test_at_pos	8	static
../CUnit/Sources/Framework/TestDB.c:513:14:CU_get_test_pos	8	static
../CUnit/Sources/Framework/TestDB.c:545:14:CU_get_test_pos_by_name	16	static
../CUnit/Sources/Framework/TestDB.c:577:14:CU_set_all_active	0	static
../CUnit/Sources/Framework/TestDB.c:619:14:CU_register_nsuites	48	static
../CUnit/Sources/Framework/TestDB.c:654:14:CU_register_suites	0	static
../CUnit/Sources/Framework/TestDB.c:841:6:CU_sort_suites	24	static
../CUnit/Sources/Framework/TestDB.c:1046:18:CU_create_new_registry	8	static
../CUnit/Sources/Framework/TestDB.c:1059:6:CU_destroy_existing_registry	32	static
../CUnit/Sources/Framework/TestDB.c:126:6:CU_cleanup_registry	8	static
../CUnit/Sources/Framework/TestDB.c:99:14:CU_initialize_registry	8	static
../CUnit/Sources/Framework/TestDB.c:1073:11:CU_get_suite_by_name	16	static
../CUnit/Sources/Framework/TestDB.c:1094:11:CU_get_suite_by_index	8	static
../CUnit/Sources/Framework/TestDB.c:1112:10:CU_get_test_by_name	16	static
../CUnit/Sources/Framework/TestDB.c:1133:10:CU_get_test_by_index	8	static
