../CUnit/Sources/Framework/TestRun.c:792:13:add_failure.constprop	48	static
../CUnit/Sources/Framework/TestRun.c:1110:21:run_single_test.constprop	56	static
../CUnit/Sources/Framework/TestRun.c:955:21:run_single_suite.constprop	64	static
../CUnit/Sources/Framework/TestRun.c:139:9:CU_assertImplementation	48	static
../CUnit/Sources/Framework/TestRun.c:169:6:CU_SkipImplementation	16	static
../CUnit/Sources/Framework/TestRun.c:211:16:CU_SetSuiteFilter	0	static
../CUnit/Sources/Framework/TestRun.c:215:23:CU_GetSuiteFilter	0	static
../CUnit/Sources/Framework/TestRun.c:220:16:CU_SetTestFilter	0	static
../CUnit/Sources/Framework/TestRun.c:224:23:CU_GetTestFilter	0	static
../CUnit/Sources/Framework/TestRun.c:229:6:CU_set_suite_start_handler	0	static
../CUnit/Sources/Framework/TestRun.c:237:6:CU_set_test_start_handler	0	static
../CUnit/Sources/Framework/TestRun.c:245:6:CU_set_test_complete_handler	0	static
../CUnit/Sources/Framework/TestRun.c:253:6:CU_set_test_skipped_handler	0	static
../CUnit/Sources/Framework/TestRun.c:261:6:CU_set_suite_complete_handler	0	static
../CUnit/Sources/Framework/TestRun.c:269:6:CU_set_all_test_complete_handler	0	static
../CUnit/Sources/Framework/TestRun.c:277:6:CU_set_suite_init_failure_handler	0	static
../CUnit/Sources/Framework/TestRun.c:285:6:CU_set_suite_cleanup_failure_handler	0	static
../CUnit/Sources/Framework/TestRun.c:292:6:CU_set_suite_skipped_handler	0	static
../CUnit/Sources/Framework/TestRun.c:299:18:CU_get_test_duration	8	static
../CUnit/Sources/Framework/TestRun.c:303:18:CU_get_suite_duration	8	static
../CUnit/Sources/Framework/TestRun.c:308:14:CU_get_number_of_suites_run	0	static
../CUnit/Sources/Framework/TestRun.c:314:14:CU_get_number_of_suites_failed	0	static
../CUnit/Sources/Framework/TestRun.c:320:14:CU_get_number_of_suites_inactive	0	static
../CUnit/Sources/Framework/TestRun.c:326:14:CU_get_number_of_tests_run	0	static
../CUnit/Sources/Framework/TestRun.c:332:14:CU_get_number_of_tests_failed	0	static
../CUnit/Sources/Framework/TestRun.c:338:14:CU_get_number_of_tests_inactive	0	static
../CUnit/Sources/Framework/TestRun.c:344:14:CU_get_number_of_asserts	0	static
../CUnit/Sources/Framework/TestRun.c:350:14:CU_get_number_of_successes	0	static
../CUnit/Sources/Framework/TestRun.c:356:14:CU_get_number_of_failures	0	static
../CUnit/Sources/Framework/TestRun.c:362:14:CU_get_number_of_failure_records	0	static
../CUnit/Sources/Framework/TestRun.c:375:8:CU_get_elapsed_time	16	static
../CUnit/Sources/Framework/TestRun.c:386:19:CU_get_failure_list	0	static
../CUnit/Sources/Framework/TestRun.c:391:5:CU_count_test_failures	0	static
../CUnit/Sources/Framework/TestRun.c:401:5:CU_count_suite_tests	0	static
../CUnit/Sources/Framework/TestRun.c:413:5:CU_count_suite_failures	4	static
../CUnit/Sources/Framework/TestRun.c:426:6:CU_print_all_suite_tests	16	static
../CUnit/Sources/Framework/TestRun.c:442:5:CU_count_all_tests	0	static
../CUnit/Sources/Framework/TestRun.c:455:5:CU_count_all_failures	8	static
../CUnit/Sources/Framework/TestRun.c:468:19:CU_iterate_test_failures	0	static
../CUnit/Sources/Framework/TestRun.c:500:16:CU_get_run_summary	0	static
../CUnit/Sources/Framework/TestRun.c:506:5:CU_is_suite_filtered	0	static
../CUnit/Sources/Framework/TestRun.c:513:5:CU_is_test_filtered	0	static
../CUnit/Sources/Framework/TestRun.c:522:14:CU_run_all_tests	32	static
../CUnit/Sources/Framework/TestRun.c:563:14:CU_run_suite	32	static
../CUnit/Sources/Framework/TestRun.c:590:14:CU_run_test	56	static
../CUnit/Sources/Framework/TestRun.c:675:6:CU_clear_previous_results	16	static
../CUnit/Sources/Framework/TestRun.c:681:11:CU_get_current_suite	0	static
../CUnit/Sources/Framework/TestRun.c:687:10:CU_get_current_test	0	static
../CUnit/Sources/Framework/TestRun.c:693:9:CU_is_test_running	0	static
../CUnit/Sources/Framework/TestRun.c:699:16:CU_set_fail_on_inactive	0	static
../CUnit/Sources/Framework/TestRun.c:705:19:CU_get_fail_on_inactive	0	static
../CUnit/Sources/Framework/TestRun.c:727:18:CU_get_run_results_string	32	static
../CUnit/Sources/Framework/TestRun.c:711:16:CU_print_run_results	16	static
